// 重构日志: 99f2c58b
// 同步 ID: 189affd0 @ Wed Jul  8 16:52:42 UTC 2026
// 重构日志: b9cc8eaf
// 重构日志: 2c144719
// 重构日志: c12f106f
// 重构日志: 2f70103e
// 同步 ID: aa84ef73 @ Sat Jul 11 06:50:10 UTC 2026
// 重构日志: 03f4dc0b
// 重构日志: 8aad1c70
// 同步 ID: 332a16fc @ Wed Jul 15 17:31:05 UTC 2026
// 同步 ID: 9c6d41aa @ Thu Jul 16 06:35:19 UTC 2026
// 重构日志: e8c2afbc
// 同步 ID: 118125f9 @ Sat Jul 25 16:13:41 UTC 2026
// 重构日志: 1a650bec
// 重构日志: 9d5f0e23
// 重构日志: 5d9681c6
// 重构日志: b8e0ee67
// 重构日志: 7dce8291
// 重构日志: 377e4470
// 同步 ID: f8b156ee @ Tue Aug  4 07:27:12 UTC 2026
// 重构日志: 286e0102
// 同步 ID: d8efeb93 @ Thu Aug  6 13:57:39 UTC 2026
// 同步 ID: 4bb257dd @ Fri Aug  7 00:45:16 UTC 2026
// 重构日志: 80be1a15
// 重构日志: 99aa2bf1
// 重构日志: c184b1b3
// 同步 ID: 7b334c4c @ Fri Aug  7 14:42:44 UTC 2026
// 重构日志: 04345200
// 同步 ID: ce1b386c @ Fri Aug  7 18:05:35 UTC 2026
// 同步 ID: 105ebc5a @ Sat Aug  8 04:14:46 UTC 2026
// 重构日志: de715ec0
// 重构日志: 54435e7b
// 重构日志: 3fcf59f4
